src/components/Header.tsx(47,72): error TS2353: Object literal may only specify known properties, and 'md' does not exist in type 'Properties<string | number, string & {}>'.
src/components/Hero.tsx(19,21): error TS2353: Object literal may only specify known properties, and 'md' does not exist in type 'Properties<string | number, string & {}>'.
src/components/Hero.tsx(66,98): error TS2353: Object literal may only specify known properties, and 'sm' does not exist in type 'Properties<string | number, string & {}>'.
